Check your Python installation:

$ python --version

Install python
$ sudo apt-get install python3

Install pip

Download the installation script from pypa.io:
$ curl -O https://bootstrap.pypa.io/get-pip.py

Run the script with Python:
$ sudo python3 get-pip.py

Install the AWS CLI Using pip

$ sudo pip install awscli

Test the AWS CLI Installation
$ aws help


## If you see an error regarding the version, use
$ sudo pip install awscli --ignore-installed six

## For more details go to below link
http://docs.aws.amazon.com/cli/latest/userguide/installing.html#install-bundle-other-os


Accessing S3 buckets
$ aws s3 ls


Configure aws cli
$ aws configure
 (aws configure --profile "name") - for creating access to additional user accounts

Access S3 buckets
$ aws s3 ls
aws s3 ls --profile "name"

Copying from bucket to bucket
aws s3 cp s3://bucket_name/folder_name/file_name s3://bucket_name/folder_name

aws s3 sync s3://bucket_name s3://bucket_name


Locaate the credentials 
$ cd ~
$ ls
$ ll
$ cd .aws
$ nano credentials
 
Delete credentials
$ rm -rf credentials
